Some Divisioned Tourney
Divisionsbury Village Hall
30 August 2022

PODIUM

Division A
 1st place: P4 
 2nd place: P2 
 3rd place: P3 

Division B
 1st place: P5 
 2nd place: P6 
 3rd place: P8 

Division C
 1st place: P12 
 2nd place: P9  
 3rd place: P11 


STANDINGS

Players are ranked by number of wins then total points scored.


Division A
             P   W  Pts
    1 P4     3   2  192
    2 P2     3   2  169
    3 P3     3   1  153
    4 P1     3   1  140


Division B
             P   W  Pts
    1 P5     3   2  173
    2 P6     3   2  141
    3 P8     3   1  132
    4 P7     3   1  113


Division C
             P   W  Pts
    1 P12    3   3  148
    2 P9     3   2  156
    3 P11    3   1  141
    4 P10    3   0  148


RESULTS

Round 1

Division A
 P1  40 - 50  P2
 P3  57 - 51  P4

Division B
 P5  60 - 61  P6
 P7  24 - 50  P8

Division C
 P9  72*- 62  P10
P11  42 - 56  P12

Round 2

Division A
 P1  70 - 55  P3
 P2  43 - 81  P4

Division B
 P5  50 - 36  P7
 P6  60 - 40  P8

Division C
 P9  51 - 43  P11
P10  31 - 44  P12

Round 3

Division A
 P1  30 - 60  P4
 P2  76 - 41  P3

Division B
 P5  63 - 42  P8
 P6  20 - 53  P7

Division C
 P9  43 - 48  P12
P10  55 - 56  P11
