Some Divisioned Tourney
Divisionsbury Village Hall
30 August 2022

PODIUM

Division A
 1st place: P4 
 2nd place: P2 
 3rd place: P3 

Division B
 1st place: P5 
 2nd place: P6 
 3rd place: P8 

Division C
 1st place: P12 
 2nd place: P9  
 3rd place: P11 


STANDINGS

Players are ranked by number of wins then total points scored.


Division A
             P   W  Pts
    1 P4     3   2  192
    2 P2     3   2  169
    3 P3     3   1  153
    4 P1     3   1  140


Division B
             P   W  Pts
    1 P5     3   2  173
    2 P6     3   2  141
    3 P8     3   1  132
    4 P7     3   1  113


Division C
             P   W  Pts
    1 P12    3   3  148
    2 P9     3   2  156
    3 P11    3   1  141
    4 P10    3   0  148


RESULTS

Round 1

Division A
 P1  40 - 50  P2
 P3  57 - 51  P4

Division B
 P5  60 - 61  P6
 P7  24 - 50  P8

Division C
 P9  72*- 62  P10
P11  42 - 56  P12

Round 2

Division A
 P1  70 - 55  P3
 P2  43 - 81  P4

Division B
 P5  50 - 36  P7
 P6  60 - 40  P8

Division C
 P9  51 - 43  P11
P10  31 - 44  P12

Round 3

Division A
 P1  30 - 60  P4
 P2  76 - 41  P3

Division B
 P5  63 - 42  P8
 P6  20 - 53  P7

Division C
 P9  43 - 48  P12
P10  55 - 56  P11


STANDINGS AFTER EACH ROUND

Division A

 Round 1       Round 2       Round 3   
     W Pts         W Pts         W Pts
1 P3 1  57    1 P4 1 132    1 P4 2 192
2 P2 1  50    2 P3 1 112    2 P2 2 169
3 P4 0  51    3 P1 1 110    3 P3 1 153
4 P1 0  40    4 P2 1  93    4 P1 1 140



Division B

 Round 1       Round 2       Round 3   
     W Pts         W Pts         W Pts
1 P6 1  61    1 P6 2 121    1 P5 2 173
2 P8 1  50    2 P5 1 110    2 P6 2 141
3 P5 0  60    3 P8 1  90    3 P8 1 132
4 P7 0  24    4 P7 0  60    4 P7 1 113



Division C

  Round 1        Round 2        Round 3   
      W Pts          W Pts          W Pts
1 P9  1  62    1 P9  2 113    1 P12 3 148
2 P12 1  56    2 P12 2 100    2 P9  2 156
3 P10 0  62    3 P10 0  93    3 P11 1 141
4 P11 0  42    4 P11 0  85    4 P10 0 148



PROGRESS PER PLAYER

Division A

Player  Round 1 Pos W Pts    Round 2 Pos W Pts    Round 3 Pos W Pts
P1      L P2    4th 0  40    W P3    3rd 1 110    L P4    4th 1 140
P2      W P1    2nd 1  50    L P4    4th 1  93    W P3    2nd 2 169
P3      W P4    1st 1  57    L P1    2nd 1 112    L P2    3rd 1 153
P4      L P3    3rd 0  51    W P2    1st 1 132    W P1    1st 2 192



Division B

Player  Round 1 Pos W Pts    Round 2 Pos W Pts    Round 3 Pos W Pts
P5      L P6    3rd 0  60    W P7    2nd 1 110    W P8    1st 2 173
P6      W P5    1st 1  61    W P8    1st 2 121    L P7    2nd 2 141
P7      L P8    4th 0  24    L P5    4th 0  60    W P6    4th 1 113
P8      W P7    2nd 1  50    L P6    3rd 1  90    L P5    3rd 1 132



Division C

Player  Round 1 Pos W Pts    Round 2 Pos W Pts    Round 3 Pos W Pts
P10     L P9    3rd 0  62    L P12   3rd 0  93    L P11   4th 0 148
P11     L P12   4th 0  42    L P9    4th 0  85    W P10   3rd 1 141
P12     W P11   2nd 1  56    W P10   2nd 2 100    W P9    1st 3 148
P9      W P10   1st 1  62    W P11   1st 2 113    L P12   2nd 2 156



